  Determining projects to restore...
  All projects are up-to-date for restore.
  Profitzen.Common -> C:\github\Profitzen\backend\src\Shared\Profitzen.Common\bin\Debug\net8.0\Profitzen.Common.dll
C:\github\Profitzen\backend\src\Services\Sales\Application\Services\SalesService.cs(738,76): error CS1503: Argument 1: cannot convert from 'System.Guid?' to 'System.Guid' [C:\github\Profitzen\backend\src\Services\Sales\Profitzen.Sales.csproj]

Build FAILED.

C:\github\Profitzen\backend\src\Services\Sales\Application\Services\SalesService.cs(738,76): error CS1503: Argument 1: cannot convert from 'System.Guid?' to 'System.Guid' [C:\github\Profitzen\backend\src\Services\Sales\Profitzen.Sales.csproj]
    0 Warning(s)
    1 Error(s)

Time Elapsed 00:00:01.93
