  Determining projects to restore...
  All projects are up-to-date for restore.
  Profitzen.Common -> C:\github\Profitzen\backend\src\Shared\Profitzen.Common\bin\Debug\net9.0\Profitzen.Common.dll
C:\github\Profitzen\backend\src\Services\Sales\Application\Services\SalesService.cs(782,36): error CS0103: The name 'todayUtc' does not exist in the current context [C:\github\Profitzen\backend\src\Services\Sales\Profitzen.Sales.csproj]
C:\github\Profitzen\backend\src\Services\Sales\Application\Services\SalesService.cs(963,28): warning CS8600: Converting null literal or possible null value to non-nullable type. [C:\github\Profitzen\backend\src\Services\Sales\Profitzen.Sales.csproj]

Build FAILED.

C:\github\Profitzen\backend\src\Services\Sales\Application\Services\SalesService.cs(963,28): warning CS8600: Converting null literal or possible null value to non-nullable type. [C:\github\Profitzen\backend\src\Services\Sales\Profitzen.Sales.csproj]
C:\github\Profitzen\backend\src\Services\Sales\Application\Services\SalesService.cs(782,36): error CS0103: The name 'todayUtc' does not exist in the current context [C:\github\Profitzen\backend\src\Services\Sales\Profitzen.Sales.csproj]
    1 Warning(s)
    1 Error(s)

Time Elapsed 00:00:01.85
